// Jest Snapshot v1, https://goo.gl/fbAQLP

exports[`<FieldGroup /> renders correctly 1`] = `
<div>
  <div
    className="field-group"
    onBlur={[Function]}
  >
    <div
      className="layout label-wrapper"
    >
      <div
        className="col col-sm-6 fullwidth border-neutral-6"
      >
        <div
          className="label"
        >
          <label />
        </div>
      </div>
      <div
        className="col col-sm-6 fullwidth border-neutral-6"
      >
        <div
          className="label"
        >
          <label />
        </div>
      </div>
    </div>
    <div
      className="layout"
    >
      <div
        className="col col-sm-6 fullwidth border-neutral-6 field"
      >
        <div>
          <div
            className=""
          >
            <span
              className="input-wrapper"
            >
              <input
                className="input"
                placeholder="mm"
                type="text"
              />
            </span>
          </div>
          <span />
        </div>
      </div>
      <div
        className="col col-sm-6 fullwidth border-neutral-6 field"
      >
        <div>
          <div
            className=""
          >
            <span
              className="input-wrapper"
            >
              <input
                className="input"
                placeholder="yyyy"
                type="text"
              />
            </span>
          </div>
          <span />
        </div>
      </div>
    </div>
  </div>
  <span />
</div>
`;
