// Jest Snapshot v1, https://goo.gl/fbAQLP

exports[`<GoogleAutoCompleteField /> renders correctly 1`] = `
<div>
  <div
    className="text-field"
  >
    <div
      className="header"
    >
      <div
        className="label-wrapper"
      >
        <label
          className="label"
          htmlFor="autocomplete"
        >
          Street address
        </label>
      </div>
    </div>
    <span
      className="input-wrapper"
    >
      <input
        className="input"
        id="autocomplete"
        name="streetAddress"
        placeholder="Enter your street address"
        type="text"
      />
    </span>
  </div>
  <span />
</div>
`;
