// Jest Snapshot v1, https://goo.gl/fbAQLP

exports[`<GoogleAutoCompleteField /> renders correctly 1`] = `
<div>
  <div
    className="text-field"
  >
    <div
      className="header"
    >
      <div
        className="label-wrapper"
      >
        <label
          className="label"
          htmlFor={undefined}
        >
          Street address
        </label>
      </div>
    </div>
    <span
      className="input-wrapper"
      data-postfix={undefined}
      data-prefix={undefined}
    >
      <input
        className="input"
        id="autocomplete"
        name="streetAddress"
        placeholder="Enter your street address"
        type="text"
        value={undefined}
      />
    </span>
  </div>
  <span />
</div>
`;
