// Jest Snapshot v1, https://goo.gl/fbAQLP

exports[`<PolicyCard /> renders correctly 1`] = `
<div>
  <div
    className="mobile-card"
  >
    <div
      className="featured-policy-card"
    >
      <div
        className="content"
      >
        <div
          className="premium"
        >
          <strong
            className="text typography-2 semibold neutral-1 strong undefined type-b-2-medium"
            onClick={undefined}
          >
            $19.80
             
            <strong
              className="text typography-7 semibold neutral-2 strong undefined type-b-7-medium"
              onClick={undefined}
            >
              /MO
            </strong>
          </strong>
          <div
            className="top-1"
          />
        </div>
        <div
          className="top-6"
        />
        <div
          className="carrier-logo"
        >
          <div />
        </div>
        <div
          className="top-6"
        />
        <div
          className="policy-info"
        >
          <div>
            <div
              className="layout policy-info-item"
              style={undefined}
            >
              <div
                className="col col-sm-4 col-md-5 fullwidth border-neutral-6"
                onClick={undefined}
                style={undefined}
              >
                <div
                  className="col fullwidth border-neutral-6 policy-info-tooltip-group"
                  onClick={undefined}
                  style={undefined}
                >
                  <p
                    className="text typography-7 primary-3 p undefined type-b-7-medium"
                    onClick={undefined}
                  >
                    label
                  </p>
                  <span
                    className="tooltip-wrapper policy-info-tooltip-icon"
                    onClick={[Function]}
                  >
                    <span
                      className="icon-wrapper tooltip"
                      onClick={undefined}
                      style={
                        Object {
                          "height": undefined,
                          "width": undefined,
                        }
                      }
                    />
                    <span
                      className="hover-message"
                    >
                      <div />
                    </span>
                    <noscript />
                  </span>
                </div>
              </div>
              <div
                className="col col-sm-2 col-md-1 border-neutral-6"
                onClick={undefined}
                style={undefined}
              >
                <div />
              </div>
              <div
                className="col col-sm-6 col-md-6 border-neutral-6"
                onClick={undefined}
                style={undefined}
              >
                <strong
                  className="text typography-6 semibold primary-3 strong undefined type-b-6-medium"
                  onClick={undefined}
                >
                  Some policy
                </strong>
              </div>
            </div>
            <div
              className="top-2"
            />
          </div>
          <div>
            <div
              className="layout policy-info-item"
              style={undefined}
            >
              <div
                className="col col-sm-4 col-md-5 fullwidth border-neutral-6"
                onClick={undefined}
                style={undefined}
              >
                <div
                  className="col fullwidth border-neutral-6 policy-info-tooltip-group"
                  onClick={undefined}
                  style={undefined}
                >
                  <p
                    className="text typography-7 primary-3 p undefined type-b-7-medium"
                    onClick={undefined}
                  >
                    label
                  </p>
                  <span
                    className="tooltip-wrapper policy-info-tooltip-icon"
                    onClick={[Function]}
                  >
                    <span
                      className="icon-wrapper tooltip"
                      onClick={undefined}
                      style={
                        Object {
                          "height": undefined,
                          "width": undefined,
                        }
                      }
                    />
                    <span
                      className="hover-message"
                    >
                      <div />
                    </span>
                    <noscript />
                  </span>
                </div>
              </div>
              <div
                className="col col-sm-2 col-md-1 border-neutral-6"
                onClick={undefined}
                style={undefined}
              >
                <div />
              </div>
              <div
                className="col col-sm-6 col-md-6 border-neutral-6"
                onClick={undefined}
                style={undefined}
              >
                <strong
                  className="text typography-6 semibold primary-3 strong undefined type-b-6-medium"
                  onClick={undefined}
                >
                  A+
                </strong>
              </div>
            </div>
            <div
              className="top-2"
            />
          </div>
          <div
            className="top-4"
          />
        </div>
        <div
          className="button-group"
        >
          <button
            className="button action"
            disabled={undefined}
            onClick={[Function]}
            type="button"
          >
            Continue
          </button>
          <div
            className="top-2"
          />
          <a
            className="link neutral-1 undefined details-link"
            onClick={[Function]}
          >
            Details & Review
          </a>
          <div
            className="layout secondary-actions-wrapper"
            style={undefined}
          >
            <div
              className="col col-sm-6 fullwidth border-neutral-6"
              onClick={undefined}
              style={undefined}
            >
              <div
                className="col border-neutral-6 secondary-action"
                onClick={undefined}
                style={undefined}
              >
                <button
                  className="button"
                  disabled={undefined}
                  onClick={[Function]}
                  type="button"
                >
                  Details
                </button>
              </div>
            </div>
            <div
              className="col col-sm-6 fullwidth border-neutral-6"
              onClick={undefined}
              style={undefined}
            >
              <div
                className="col border-neutral-6 secondary-action"
                onClick={undefined}
                style={undefined}
              >
                <button
                  className="button"
                  disabled={undefined}
                  onClick={[Function]}
                  type="button"
                >
                  Compare
                </button>
              </div>
            </div>
          </div>
        </div>
      </div>
    </div>
  </div>
  <div
    className="policy-card"
  >
    <div
      className="body"
    >
      <div
        className="hide compare small"
      >
        <div
          className="checkbox-wrapper"
          id="undefined-checkbox-wrapper"
          onClick={[Function]}
        >
          <p
            className="text typography-7 light neutral-3 p undefined type-b-7-medium"
            onClick={undefined}
          >
            Compare
          </p>
          <div
            className="top-1"
          />
          <label
            className="checkbox"
            htmlFor="checkbox-undefined"
          >
            <input
              checked={undefined}
              className="checkbox-input"
              id="checkbox-undefined"
              name={undefined}
              type="checkbox"
              value={undefined}
            />
            <span
              className="checkbox-label"
            />
          </label>
        </div>
      </div>
      <div
        className="divider"
      />
      <div
        className="carrier-logo"
      >
        <div />
      </div>
      <div
        className="divider"
      />
      <div
        className="policy-type"
      >
        <span
          className="tooltip-wrapper policy-type-tooltip"
          onClick={[Function]}
        >
          <div>
            <div
              className="hide small"
            >
              <strong
                className="text typography-7 semibold neutral-3 strong undefined type-b-7-medium"
                onClick={undefined}
              >
                label
              </strong>
            </div>
            <strong
              className="text typography-5 semibold neutral-2 strong undefined type-b-5-medium policy-name"
              onClick={undefined}
            >
              Some policy
            </strong>
            <strong
              className="text typography-7 semibold neutral-2 strong undefined type-b-7-medium policy-tooltip"
              onClick={undefined}
            >
              <div />
            </strong>
          </div>
          <span
            className="hover-message policy-type-hover-message"
          >
            <div />
          </span>
          <noscript />
        </span>
      </div>
      <div
        className="divider"
      />
      <div
        className="hide policy-info small medium"
      >
        <span
          className="tooltip-wrapper policy-info-tooltip"
          onClick={[Function]}
        >
          <strong
            className="text typography-7 semibold neutral-3 strong undefined type-b-7-medium"
            onClick={undefined}
          >
            <div
              className="policy-info-label"
            >
              label
            </div>
            <strong
              className="text typography-7 semibold neutral-2 strong undefined type-b-7-medium"
              onClick={undefined}
            >
              A+
            </strong>
          </strong>
          <span
            className="hover-message policy-type-hover-message"
          >
            <div />
          </span>
          <noscript />
        </span>
        <span
          className="tooltip-wrapper policy-info-tooltip"
          onClick={[Function]}
        >
          <strong
            className="text typography-7 semibold neutral-3 strong undefined type-b-7-medium"
            onClick={undefined}
          >
            <div
              className="policy-info-label"
            >
              label
            </div>
            <strong
              className="text typography-7 semibold neutral-2 strong undefined type-b-7-medium"
              onClick={undefined}
            >
              A+
            </strong>
          </strong>
          <span
            className="hover-message policy-type-hover-message"
          >
            <div />
          </span>
          <noscript />
        </span>
        <span
          className="tooltip-wrapper policy-info-tooltip"
          onClick={[Function]}
        >
          <strong
            className="text typography-7 semibold neutral-3 strong undefined type-b-7-medium"
            onClick={undefined}
          >
            <div
              className="policy-info-label"
            >
              label
            </div>
            <strong
              className="text typography-7 semibold neutral-2 strong undefined type-b-7-medium"
              onClick={undefined}
            >
              16
            </strong>
          </strong>
          <span
            className="hover-message policy-type-hover-message"
          >
            <div />
          </span>
          <noscript />
        </span>
      </div>
      <div
        className="divider info-divider"
      />
      <div
        className="actions"
      >
        <div>
          <strong
            className="text typography-5 semibold neutral-2 strong undefined type-b-5-medium"
            onClick={undefined}
          >
            <strong
              className="text typography-3 semibold primary-3 strong undefined type-b-3-medium"
              onClick={undefined}
            >
              $19.80
            </strong>
             
            mo
          </strong>
        </div>
        <div
          className="top-3"
        />
        <div
          className="layout"
          style={
            Object {
              "width": "100%",
            }
          }
        >
          <div
            className="col col-sm-12 col-md-12 col-lg-6 border-neutral-6"
            onClick={undefined}
            style={undefined}
          >
            <button
              className="button continue"
              disabled={undefined}
              onClick={[Function]}
              type="button"
            >
              <div
                className="hide small medium xLarge xxLarge"
              >
                <svg
                  className="svg-text"
                  viewBox="-3 0 75 15"
                  width="100%"
                >
                  <text
                    x="0"
                    y="12"
                  >
                    Continue
                  </text>
                </svg>
              </div>
              <div
                className="hide large"
              >
                Continue
              </div>
            </button>
          </div>
          <div
            className="col col-sm-6 col-md-12 col-lg-6 border-neutral-6"
            onClick={undefined}
            style={undefined}
          >
            <button
              className="button"
              disabled={undefined}
              onClick={[Function]}
              type="button"
            >
              <div
                className="hide small medium xLarge xxLarge"
              >
                <svg
                  className="svg-text"
                  viewBox="-10 0 75 15"
                  width="100%"
                >
                  <text
                    x="0"
                    y="12"
                  >
                    Details
                  </text>
                </svg>
              </div>
              <div
                className="hide large"
              >
                Details
              </div>
            </button>
          </div>
          <div
            className="col col-sm-6 col-md-12 col-lg-6 border-neutral-6"
            onClick={undefined}
            style={undefined}
          >
            <div
              className="hide medium large xLarge xxLarge"
            >
              <button
                className="button"
                disabled={undefined}
                onClick={[Function]}
                type="button"
              >
                Compare
              </button>
            </div>
          </div>
        </div>
      </div>
    </div>
  </div>
</div>
`;
