// Jest Snapshot v1, https://goo.gl/fbAQLP

exports[`<PolicyCard /> renders correctly 1`] = `
<div>
  <div
    className="mobile-card"
  >
    <div
      className="featured-policy-card"
    >
      <div
        className="content"
      >
        <div
          className="premium"
        >
          <strong
            className="bold neutral-1 type-b-2-medium inherit"
          >
            $19.80
             
            <strong
              className="bold neutral-2 type-b-7-medium inherit"
            >
              /MO
            </strong>
          </strong>
          <div
            className="top-1"
          />
        </div>
        <div
          className="top-6"
        />
        <div
          className="carrier-logo"
        >
          <div />
        </div>
        <div
          className="top-6"
        />
        <div
          className="policy-info"
        >
          <div>
            <div
              className="layout policy-info-item"
              id={undefined}
              style={undefined}
            >
              <div
                className="col col-sm-4 col-md-5 fullwidth border-neutral-6 policy-info-tooltip-group"
                onClick={undefined}
                style={undefined}
              >
                <p
                  className="primary-3 type-b-7-medium inherit"
                >
                  label
                </p>
                <span
                  className="tooltip-wrapper policy-info-tooltip-icon"
                  onClick={[Function]}
                >
                  <span
                    className="icon-wrapper tooltip"
                    onClick={undefined}
                    style={
                      Object {
                        "height": undefined,
                        "width": undefined,
                      }
                    }
                  />
                  <span
                    className="hover-message"
                  >
                    <div />
                  </span>
                </span>
              </div>
              <div
                className="col col-sm-2 col-md-1 border-neutral-6"
                onClick={undefined}
                style={undefined}
              >
                <div />
              </div>
              <div
                className="col col-sm-6 col-md-6 border-neutral-6"
                onClick={undefined}
                style={undefined}
              >
                <strong
                  className="bold primary-3 type-b-6-medium inherit"
                >
                  Some policy
                </strong>
              </div>
            </div>
            <div
              className="top-2"
            />
          </div>
          <div>
            <div
              className="layout policy-info-item"
              id={undefined}
              style={undefined}
            >
              <div
                className="col col-sm-4 col-md-5 fullwidth border-neutral-6 policy-info-tooltip-group"
                onClick={undefined}
                style={undefined}
              >
                <p
                  className="primary-3 type-b-7-medium inherit"
                >
                  label
                </p>
                <span
                  className="tooltip-wrapper policy-info-tooltip-icon"
                  onClick={[Function]}
                >
                  <span
                    className="icon-wrapper tooltip"
                    onClick={undefined}
                    style={
                      Object {
                        "height": undefined,
                        "width": undefined,
                      }
                    }
                  />
                  <span
                    className="hover-message"
                  >
                    <div />
                  </span>
                </span>
              </div>
              <div
                className="col col-sm-2 col-md-1 border-neutral-6"
                onClick={undefined}
                style={undefined}
              >
                <div />
              </div>
              <div
                className="col col-sm-6 col-md-6 border-neutral-6"
                onClick={undefined}
                style={undefined}
              >
                <strong
                  className="bold primary-3 type-b-6-medium inherit"
                >
                  A+
                </strong>
              </div>
            </div>
            <div
              className="top-2"
            />
          </div>
          <div
            className="top-4"
          />
        </div>
        <div
          className="button-group"
        >
          <button
            className="button"
            disabled={undefined}
            onClick={[Function]}
            type="button"
          >
            View Policy
          </button>
          <div>
            <div
              className="top-2"
            />
            <button
              className="button"
              disabled={undefined}
              onClick={[Function]}
              type="button"
            >
              Compare
            </button>
          </div>
        </div>
      </div>
    </div>
  </div>
  <div
    className="policy-card"
  >
    <div
      className="body"
    >
      <div
        className="hide compare mobile"
      >
        <div
          className="checkbox-wrapper"
          id="undefined-checkbox-wrapper"
          onClick={[Function]}
        >
          <p
            className="neutral-3 type-b-7-medium inherit"
          >
            Compare
          </p>
          <div
            className="top-1"
          />
          <label
            className="checkbox"
            htmlFor="checkbox-undefined"
          >
            <input
              checked={undefined}
              className="checkbox-input"
              id="checkbox-undefined"
              name={undefined}
              type="checkbox"
              value={undefined}
            />
            <span
              className="checkbox-label"
            />
          </label>
        </div>
      </div>
      <div
        className="divider"
      />
      <div
        className="carrier-logo"
      >
        <div />
      </div>
      <div
        className="divider"
      />
      <div
        className="policy-type"
      >
        <span
          className="tooltip-wrapper policy-type-tooltip"
          onClick={[Function]}
        >
          <div>
            <div
              className="hide mobile"
            >
              <strong
                className="bold neutral-3 type-b-7-medium inherit"
              >
                label
              </strong>
            </div>
            <strong
              className="bold neutral-2 policy-name type-b-5-medium inherit"
            >
              Some policy
            </strong>
            <strong
              className="bold neutral-2 policy-tooltip type-b-7-medium inherit"
            >
              <div />
            </strong>
          </div>
          <span
            className="hover-message policy-type-hover-message"
          >
            <div />
          </span>
        </span>
      </div>
      <div
        className="divider"
      />
      <div
        className="hide policy-info mobile tablet"
      >
        <span
          className="tooltip-wrapper policy-info-tooltip"
          onClick={[Function]}
        >
          <strong
            className="bold neutral-3 type-b-7-medium inherit"
          >
            <div
              className="policy-info-label"
            >
              label
            </div>
            <strong
              className="bold neutral-2 type-b-7-medium inherit"
            >
              A+
            </strong>
          </strong>
          <span
            className="hover-message policy-type-hover-message"
          >
            <div />
          </span>
        </span>
        <span
          className="tooltip-wrapper policy-info-tooltip"
          onClick={[Function]}
        >
          <strong
            className="bold neutral-3 type-b-7-medium inherit"
          >
            <div
              className="policy-info-label"
            >
              label
            </div>
            <strong
              className="bold neutral-2 type-b-7-medium inherit"
            >
              A+
            </strong>
          </strong>
          <span
            className="hover-message policy-type-hover-message"
          >
            <div />
          </span>
        </span>
        <span
          className="tooltip-wrapper policy-info-tooltip"
          onClick={[Function]}
        >
          <strong
            className="bold neutral-3 type-b-7-medium inherit"
          >
            <div
              className="policy-info-label"
            >
              label
            </div>
            <strong
              className="bold neutral-2 type-b-7-medium inherit"
            >
              16
            </strong>
          </strong>
          <span
            className="hover-message policy-type-hover-message"
          >
            <div />
          </span>
        </span>
      </div>
      <div
        className="divider info-divider"
      />
      <div
        className="actions"
      >
        <div>
          <strong
            className="bold neutral-2 type-b-5-medium inherit"
          >
            <strong
              className="bold primary-3 type-b-3-medium inherit"
            >
              $19.80
            </strong>
             
            mo
          </strong>
        </div>
        <div
          className="top-3"
        />
        <div
          className="layout"
          id={undefined}
          style={
            Object {
              "width": "100%",
            }
          }
        >
          <div
            className="col col-sm-12 border-neutral-6"
            onClick={undefined}
            style={undefined}
          >
            <button
              className="button"
              disabled={undefined}
              onClick={[Function]}
              type="button"
            >
              View Policy
            </button>
          </div>
          <div
            className="col col-sm-12 border-neutral-6"
            onClick={undefined}
            style={undefined}
          >
            <div
              className="hide tablet desktop"
            >
              <button
                className="button"
                disabled={undefined}
                onClick={[Function]}
                type="button"
              >
                Compare
              </button>
            </div>
          </div>
        </div>
      </div>
    </div>
  </div>
</div>
`;
