// Jest Snapshot v1, https://goo.gl/fbAQLP

exports[`<PolicyCard /> renders correctly 1`] = `
<div
  className="policy-card"
>
  <div
    className="body"
  >
    <div
      className="hide compare small"
    >
      <div
        className="checkbox-wrapper"
        id="undefined-checkbox-wrapper"
        onClick={[Function]}
      >
        <p
          className="text typography-6 light neutral-3 undefined p undefined type-undefined-6-bold type-undefined-6-medium type-undefined-6-regular"
        >
          Compare
        </p>
        <div
          className="top-1"
        />
        <label
          className="checkbox"
          htmlFor="checkbox-undefined"
        >
          <input
            checked={undefined}
            className="checkbox-input"
            id="checkbox-undefined"
            name={undefined}
            type="checkbox"
            value={undefined}
          />
          <span
            className="checkbox-label light"
          />
        </label>
      </div>
    </div>
    <div
      className="divider"
    />
    <div
      className="carrier-logo"
    >
      <div />
    </div>
    <div
      className="divider"
    />
    <div
      className="policy-type"
    >
      <span
        className="tooltip-wrapper policy-type-tooltip"
        onClick={[Function]}
      >
        <div>
          <div
            className="hide small"
          >
            <strong
              className="text typography-7 semibold neutral-3 undefined strong undefined type-undefined-7-bold type-undefined-7-medium type-undefined-7-regular"
            >
              Policy Type
            </strong>
          </div>
          <strong
            className="text typography-5 semibold neutral-2 undefined strong undefined type-undefined-5-bold type-undefined-5-medium type-undefined-5-regular policy-name"
          >
            Type
          </strong>
          <strong
            className="text typography-7 semibold neutral-2 undefined strong undefined type-undefined-7-bold type-undefined-7-medium type-undefined-7-regular policy-tooltip"
          >
            Tooltip
          </strong>
        </div>
        <span
          className="hover-message policy-type-hover-message"
        >
          <div />
        </span>
        <noscript />
      </span>
    </div>
    <div
      className="divider"
    />
    <div
      className="hide policy-info small medium"
    >
      <span
        className="tooltip-wrapper policy-info-tooltip"
        onClick={[Function]}
      >
        <strong
          className="text typography-7 semibold neutral-3 undefined strong undefined type-undefined-7-bold type-undefined-7-medium type-undefined-7-regular"
        >
          <div
            className="policy-info-label"
          >
            Financial Strength
          </div>
          <strong
            className="text typography-6 semibold neutral-2 undefined strong undefined type-undefined-6-bold type-undefined-6-medium type-undefined-6-regular"
          >
            A+
          </strong>
        </strong>
        <span
          className="hover-message policy-type-hover-message"
        >
          <div />
        </span>
        <noscript />
      </span>
      <span
        className="tooltip-wrapper policy-info-tooltip"
        onClick={[Function]}
      >
        <strong
          className="text typography-7 semibold neutral-3 undefined strong undefined type-undefined-7-bold type-undefined-7-medium type-undefined-7-regular"
        >
          <div
            className="policy-info-label"
          >
            Customer Service
          </div>
          <strong
            className="text typography-6 semibold neutral-2 undefined strong undefined type-undefined-6-bold type-undefined-6-medium type-undefined-6-regular"
          >
            A+
          </strong>
        </strong>
        <span
          className="hover-message policy-type-hover-message"
        >
          <div />
        </span>
        <noscript />
      </span>
      <span
        className="tooltip-wrapper policy-info-tooltip"
        onClick={[Function]}
      >
        <strong
          className="text typography-7 semibold neutral-3 undefined strong undefined type-undefined-7-bold type-undefined-7-medium type-undefined-7-regular"
        >
          <div
            className="policy-info-label"
          >
            Total Customers
          </div>
          <strong
            className="text typography-6 semibold neutral-2 undefined strong undefined type-undefined-6-bold type-undefined-6-medium type-undefined-6-regular"
          >
            16
          </strong>
        </strong>
        <span
          className="hover-message policy-type-hover-message"
        >
          <div />
        </span>
        <noscript />
      </span>
    </div>
    <div
      className="divider info-divider"
    />
    <div
      className="actions"
    >
      <div>
        <strong
          className="text typography-5 semibold neutral-2 undefined strong undefined type-undefined-5-bold type-undefined-5-medium type-undefined-5-regular"
        >
          <strong
            className="text typography-3 semibold undefined undefined strong undefined type-undefined-3-bold type-undefined-3-medium type-undefined-3-regular"
          >
            $19.80
          </strong>
           
          mo
        </strong>
      </div>
      <div
        className="top-3"
      />
      <div
        className="layout"
        style={
          Object {
            "width": "100%",
          }
        }
      >
        <div
          className="col col-sm-12 col-md-12 col-lg-6 bottom-spacing-undefined border-neutral-6"
          onClick={undefined}
          style={undefined}
        >
          <button
            className="button action continue slim"
            disabled={undefined}
            onClick={[Function]}
            type="button"
          >
            <div
              className="hide small medium xLarge xxLarge"
            >
              <svg
                className="svg-text"
                viewBox="-3 0 75 15"
                width="100%"
              >
                <text
                  x="0"
                  y="12"
                >
                  Continue
                </text>
              </svg>
            </div>
            <div
              className="hide large"
            >
              Continue
            </div>
          </button>
        </div>
        <div
          className="col col-sm-6 col-md-12 col-lg-6 bottom-spacing-undefined border-neutral-6"
          onClick={undefined}
          style={undefined}
        >
          <button
            className="button button slim"
            disabled={undefined}
            onClick={[Function]}
            type="button"
          >
            <div
              className="hide small medium xLarge xxLarge"
            >
              <svg
                className="svg-text"
                viewBox="-10 0 75 15"
                width="100%"
              >
                <text
                  x="0"
                  y="12"
                >
                  Details
                </text>
              </svg>
            </div>
            <div
              className="hide large"
            >
              Details
            </div>
          </button>
        </div>
        <div
          className="col col-sm-6 col-md-12 col-lg-6 bottom-spacing-undefined border-neutral-6"
          onClick={undefined}
          style={undefined}
        >
          <div
            className="hide medium large xLarge xxLarge"
          >
            <button
              className="button button slim"
              disabled={undefined}
              onClick={[Function]}
              type="button"
            >
              Compare
            </button>
          </div>
        </div>
      </div>
    </div>
  </div>
</div>
`;
