// Jest Snapshot v1, https://goo.gl/fbAQLP

exports[`<FeatureSquare /> matches snapshot 1`] = `
<div
  className="feature-square background-undefined"
>
  <span
    className="icon-wrapper icon"
    style={
      Object {
        "height": undefined,
        "width": "100px",
      }
    }
  >
    <img
      alt="xIcon"
      className="img"
      src="https://static.policygenius.com/svgs/xIcon.svgz"
      title="xIcon"
    />
  </span>
  <p
    className="primary-3 type-a-5-bold inherit"
  >
    Header!
  </p>
  <p
    className="primary-3 subheader type-b-8-medium inherit"
  >
    Subheader!!!
  </p>
  <div
    className="layout button-wrapper"
  >
    <div
      className="col col-sm-6 border-neutral-6"
    >
      <button
        className="button outline button"
        type="button"
      >
        CLICK SOMETHING ALREADY!
      </button>
    </div>
  </div>
</div>
`;
