// Jest Snapshot v1, https://goo.gl/fbAQLP

exports[`<FeatureSquare /> matches snapshot 1`] = `
<div
  className="feature-square background-undefined"
>
  <span
    className="icon-wrapper icon"
    onClick={undefined}
    style={
      Object {
        "height": undefined,
        "width": "100px",
      }
    }
  >
    <img
      alt="xIcon"
      className="img"
      src="https://storage.googleapis.com/pg-static-assets/svgs/xIcon.svg"
    />
  </span>
  <p
    className="primary-3 type-a-5-bold inherit"
  >
    Header!
  </p>
  <p
    className="primary-3 subheader type-b-8-medium inherit"
  >
    Subheader!!!
  </p>
  <div
    className="layout button-wrapper"
    id={undefined}
    style={undefined}
  >
    <div
      className="col col-sm-6 border-neutral-6"
      id={undefined}
      onClick={undefined}
      style={undefined}
    >
      <button
        className="button outline button"
        disabled={undefined}
        onClick={undefined}
        type="button"
      >
        CLICK SOMETHING ALREADY!
      </button>
    </div>
  </div>
</div>
`;
