// Jest Snapshot v1, https://goo.gl/fbAQLP

exports[`<FeaturedPolicyCard /> renders correctly 1`] = `
<div
  className="featured-policy-card"
>
  <div
    className="content"
  >
    <div
      className="top-2 top-4"
    />
    <div
      className="premium"
    >
      <div
        className="value"
      >
        <p
          className="primary-3 value-small type-a-6-bold inherit"
        >
          $
        </p>
        <p
          className="primary-3 value-dollars type-a-2-bold inherit"
        >
          19
        </p>
        <p
          className="primary-3 value-small type-a-6-bold inherit"
        >
          .
          80
        </p>
        <span
          className="neutral-2 spaced value-format type-a-11-bold inherit"
        >
          /MO
        </span>
      </div>
      <div
        className="top-1"
      />
      <div />
    </div>
    <div
      className="top-6"
    />
    <div
      className="carrier-logo"
    >
      <div />
    </div>
    <div
      className="top-6"
    />
    <div
      className="policy-info"
    >
      <div>
        <div
          className="layout policy-info-item"
        >
          <div
            className="col col-sm-6 fullwidth border-neutral-6 policy-info-tooltip-group"
          >
            <span>
              <span
                className="tooltip-wrapper policy-info-tooltip-icon"
                onClick={[Function]}
              >
                <span
                  className="primary-3 policy-info-tooltip-label type-b-10-medium inherit"
                >
                  Financial Strength
                </span>
                <span
                  className="hover-message"
                >
                  <div />
                </span>
              </span>
            </span>
          </div>
          <div
            className="col col-sm-6 border-neutral-6"
          >
            <strong
              className="primary-3 type-a-8-bold inherit"
            >
              A+
            </strong>
          </div>
        </div>
        <div
          className="top-2"
        />
      </div>
      <div>
        <div
          className="layout policy-info-item"
        >
          <div
            className="col col-sm-6 fullwidth border-neutral-6 policy-info-tooltip-group"
          >
            <span>
              <span
                className="tooltip-wrapper policy-info-tooltip-icon"
                onClick={[Function]}
              >
                <span
                  className="primary-3 policy-info-tooltip-label type-b-10-medium inherit"
                >
                  Total Customers
                </span>
                <span
                  className="hover-message"
                >
                  <div />
                </span>
              </span>
            </span>
          </div>
          <div
            className="col col-sm-6 border-neutral-6"
          >
            <strong
              className="primary-3 type-a-8-bold inherit"
            >
              16,000,000
            </strong>
          </div>
        </div>
        <div
          className="top-2"
        />
      </div>
      <div>
        <div
          className="layout policy-info-item"
        >
          <div
            className="col col-sm-6 fullwidth border-neutral-6 policy-info-tooltip-group"
          >
            <span>
              <span
                className="tooltip-wrapper policy-info-tooltip-icon"
                onClick={[Function]}
              >
                <span
                  className="primary-3 policy-info-tooltip-label type-b-10-medium inherit"
                >
                  Policy Type
                </span>
                <span
                  className="hover-message"
                >
                  <div />
                </span>
              </span>
            </span>
          </div>
          <div
            className="col col-sm-6 border-neutral-6"
          >
            <strong
              className="primary-3 type-a-8-bold inherit"
            >
              Level Term
            </strong>
          </div>
        </div>
        <div
          className="top-2"
        />
      </div>
      <div
        className="size-36"
      />
    </div>
    <div
      className="button-group"
    >
      <button
        className="button"
        onClick={[MockFunction]}
        type="button"
      >
        Continue
      </button>
      <div>
        <a
          className="link neutral-1 details-link"
          onClick={[MockFunction]}
        >
          Details
        </a>
      </div>
    </div>
  </div>
</div>
`;
