// Jest Snapshot v1, https://goo.gl/fbAQLP

exports[`<SummaryCard /> renders correctly 1`] = `
<div
  className="summary-card"
>
  <span
    className="icon-wrapper clickable icon icon-click"
    onClick={[Function]}
    style={
      Object {
        "height": undefined,
        "width": undefined,
      }
    }
  />
  <div
    className="content"
  >
    <div
      className="layout"
      style={undefined}
    >
      <div
        className="col col-sm-8 border-neutral-6"
        onClick={undefined}
        style={undefined}
      >
        <div>
          <p
            className="text typography-5 primary-3 p undefined type-a-5-medium"
            onClick={undefined}
          >
            header
          </p>
          <div
            className="size-6"
          />
          <p
            className="text typography-8 neutral-3 p undefined type-b-8-medium"
            onClick={undefined}
          >
            subheader
          </p>
        </div>
      </div>
      <div
        className="col col-sm-4 border-neutral-6"
        onClick={undefined}
        style={undefined}
      >
        <div>
          <p
            className="text typography-5 primary-3 p undefined type-a-5-medium"
            onClick={undefined}
          >
            secondaryHeader
          </p>
          <div
            className="size-6"
          />
          <p
            className="text typography-8 neutral-3 p undefined type-b-8-medium"
            onClick={undefined}
          >
            another subhead
          </p>
        </div>
      </div>
    </div>
  </div>
  <div
    className="layout footer"
    style={undefined}
  >
    <div
      className="col col-sm-8 border-neutral-6"
      onClick={undefined}
      style={undefined}
    >
      <a
        className="link neutral-1 undefined secondary"
        onClick={[Function]}
      >
        <p
          className="text typography-10 primary-3 p undefined type-b-10-medium"
          onClick={undefined}
        >
          A link
        </p>
      </a>
    </div>
    <div
      className="col col-sm-4 border-neutral-6"
      onClick={undefined}
      style={undefined}
    >
      <a
        className="link neutral-1 undefined secondary"
        onClick={[Function]}
      >
        <p
          className="text typography-10 primary-3 p undefined type-b-10-medium"
          onClick={undefined}
        >
          second link
        </p>
      </a>
    </div>
  </div>
</div>
`;
