// Jest Snapshot v1, https://goo.gl/fbAQLP

exports[`<SummaryCard /> renders correctly 1`] = `
<div
  className="summary-card"
>
  <span
    className="icon-wrapper clickable icon icon-click"
    onClick={[MockFunction]}
    style={
      Object {
        "height": undefined,
        "width": undefined,
      }
    }
  >
    <img
      alt="xIcon"
      className="img"
      src="https://static.policygenius.com/svgs/xIcon.svgz"
      title="xIcon"
    />
  </span>
  <div
    className="content"
  >
    <div
      className="layout"
    >
      <div
        className="col col-sm-8 border-neutral-6"
      >
        <div>
          <p
            className="primary-3 type-a-5-bold inherit"
          >
            header
          </p>
          <div
            className="size-6"
          />
          <p
            className="neutral-3 type-b-8-medium inherit"
          >
            subheader
          </p>
        </div>
      </div>
      <div
        className="col col-sm-4 border-neutral-6"
      >
        <div>
          <p
            className="primary-3 type-a-5-bold inherit"
          >
            secondaryHeader
          </p>
          <div
            className="size-6"
          />
          <p
            className="neutral-3 type-b-8-medium inherit"
          >
            another subhead
          </p>
        </div>
      </div>
    </div>
  </div>
  <div
    className="layout footer"
  >
    <div
      className="col col-sm-8 border-neutral-6"
    >
      <a
        className="link neutral-1 secondary"
        onClick={[MockFunction]}
      >
        <p
          className="primary-3 type-b-10-medium inherit"
        >
          A link
        </p>
      </a>
    </div>
    <div
      className="col col-sm-4 border-neutral-6"
    >
      <a
        className="link neutral-1 secondary"
        onClick={[MockFunction]}
      >
        <p
          className="primary-3 type-b-10-medium inherit"
        >
          second link
        </p>
      </a>
    </div>
  </div>
</div>
`;
