// Jest Snapshot v1, https://goo.gl/fbAQLP

exports[`<StarRating /> renders correctly 1`] = `
<span
  className="star-rating stars stars-4"
>
  <span
    className="icon-wrapper star filled-in"
    style={
      Object {
        "height": undefined,
        "width": undefined,
      }
    }
  >
    <img
      alt="star2"
      className="img"
      src="https://static.policygenius.com/svgs/star2.svgz"
      title="star2"
    />
  </span>
  <span
    className="icon-wrapper star filled-in"
    style={
      Object {
        "height": undefined,
        "width": undefined,
      }
    }
  >
    <img
      alt="star2"
      className="img"
      src="https://static.policygenius.com/svgs/star2.svgz"
      title="star2"
    />
  </span>
  <span
    className="icon-wrapper star filled-in"
    style={
      Object {
        "height": undefined,
        "width": undefined,
      }
    }
  >
    <img
      alt="star2"
      className="img"
      src="https://static.policygenius.com/svgs/star2.svgz"
      title="star2"
    />
  </span>
  <span
    className="icon-wrapper star filled-in"
    style={
      Object {
        "height": undefined,
        "width": undefined,
      }
    }
  >
    <img
      alt="star2"
      className="img"
      src="https://static.policygenius.com/svgs/star2.svgz"
      title="star2"
    />
  </span>
  <span
    className="icon-wrapper star"
    style={
      Object {
        "height": undefined,
        "width": undefined,
      }
    }
  >
    <img
      alt="starLight"
      className="img"
      src="https://static.policygenius.com/svgs/starLight.svgz"
      title="starLight"
    />
  </span>
</span>
`;
