// Jest Snapshot v1, https://goo.gl/fbAQLP

exports[`<SimplePolicyCard /> renders correctly 1`] = `
<div>
  <div
    className="mobile-card"
  >
    <div
      className="featured-policy-card"
    >
      <div
        className="content"
      >
        <div
          className="premium"
        >
          <p
            className="primary-3 type-a-3-bold inherit"
          >
            $19.80
             
            <span
              className="neutral-2 spaced type-a-11-bold inherit"
            >
              /MO
            </span>
          </p>
        </div>
        <div
          className="size-24"
        />
        <div
          className="carrier-logo"
        >
          <div />
        </div>
        <div
          className="size-36"
        />
        <div
          className="button-group"
        >
          <button
            className="button"
            disabled={undefined}
            onClick={undefined}
            type="button"
          >
            Continue
          </button>
          <div
            className="top-2"
          />
          <a
            className="link neutral-1 details-link"
            onClick={[Function]}
          >
            Details
          </a>
          <button
            className="button outline"
            disabled={undefined}
            onClick={[Function]}
            type="button"
          >
            Compare
          </button>
        </div>
      </div>
    </div>
  </div>
  <div
    className="policy-card"
  >
    <div
      className="body"
    >
      <div
        className="hide compare small"
      >
        <div
          className="checkbox-wrapper"
          id="undefined-checkbox-wrapper"
          onClick={[Function]}
        >
          <p
            className="primary-3 type-b-10-medium inherit"
          >
            Compare
          </p>
          <div
            className="top-1"
          />
          <label
            className="checkbox"
            htmlFor="checkbox-undefined"
          >
            <input
              checked={undefined}
              className="checkbox-input"
              id="checkbox-undefined"
              name={undefined}
              type="checkbox"
              value={undefined}
            />
            <span
              className="checkbox-label"
            />
          </label>
        </div>
      </div>
      <div
        className="divider"
      />
      <div
        className="carrier-logo"
      >
        <div
          className="carrier-img"
        >
          <div />
        </div>
      </div>
      <div
        className="divider"
      />
      <div
        className="premium"
      >
        <p
          className="primary-3 premium-text type-a-4-bold inherit"
        >
          $19.80
           
          <span
            className="neutral-2 spaced type-a-11-bold inherit"
          >
            /MO
          </span>
        </p>
      </div>
      <div
        className="actions"
      >
        <div
          className="layout"
          id={undefined}
          style={
            Object {
              "width": "100%",
            }
          }
        >
          <div
            className="col col-sm-12 fullwidth border-neutral-6"
            onClick={undefined}
            style={undefined}
          >
            <button
              className="button"
              disabled={undefined}
              onClick={[Function]}
              type="button"
            >
              View Policy
            </button>
          </div>
        </div>
      </div>
    </div>
  </div>
</div>
`;
