// Jest Snapshot v1, https://goo.gl/fbAQLP

exports[`<SimplePolicyCard /> renders correctly 1`] = `
<div>
  <div
    className="mobile-card"
  >
    <div
      className="featured-policy-card"
    >
      <div
        className="content"
      >
        <div
          className="premium"
        >
          <p
            className="primary-3 type-a-3-bold inherit"
          >
            $19.80
             
            <span
              className="neutral-2 spaced type-a-11-bold inherit"
            >
              /MO
            </span>
          </p>
        </div>
        <div
          className="size-24"
        />
        <div
          className="carrier-info"
        >
          <div />
        </div>
      </div>
    </div>
  </div>
  <div
    className="policy-card"
  >
    <div
      className="body"
    >
      <div
        className="compare-logo-section"
      >
        <div
          className="hide compare mobile"
        >
          <div
            className="checkbox-wrapper"
            id="undefined-checkbox-wrapper"
            onClick={[Function]}
          >
            <p
              className="primary-3 type-b-10-medium inherit"
            >
              Compare
            </p>
            <div
              className="top-1"
            />
            <label
              className="checkbox"
              htmlFor="checkbox-undefined"
            >
              <input
                className="checkbox-input"
                id="checkbox-undefined"
                type="checkbox"
              />
              <span
                className="checkbox-label"
              />
            </label>
          </div>
        </div>
        <div
          className="divider"
        />
        <div
          className="carrier-logo"
        >
          <div />
        </div>
      </div>
      <div
        className="divider"
      />
      <div
        className="premium"
      >
        <p
          className="primary-3 premium-text type-a-4-bold inherit"
        >
          $19.80
           
          <span
            className="neutral-2 spaced type-a-11-bold inherit"
          >
            /MO
          </span>
        </p>
      </div>
    </div>
  </div>
</div>
`;
