// Jest Snapshot v1, https://goo.gl/fbAQLP

exports[`<SimpleFeaturedPolicyCard /> renders correctly 1`] = `
<div
  className="featured-policy-card"
>
  <div
    className="content"
  >
    <div
      className="premium"
    >
      <p
        className="primary-3 type-a-3-bold inherit"
      >
        $19.80
         
        <span
          className="neutral-2 spaced type-a-11-bold inherit"
        >
          /MO
        </span>
      </p>
    </div>
    <div
      className="size-24"
    />
    <div
      className="carrier-logo"
    >
      <div />
    </div>
    <div
      className="size-36"
    />
    <div
      className="button-group"
    >
      <button
        className="button"
        disabled={undefined}
        onClick={undefined}
        type="button"
      >
        Continue
      </button>
      <div
        className="top-2"
      />
      <a
        className="link neutral-1 details-link"
        onClick={[Function]}
      >
        Details
      </a>
      <button
        className="button outline"
        disabled={undefined}
        onClick={undefined}
        type="button"
      >
        Compare
      </button>
    </div>
  </div>
</div>
`;
